// Jest Snapshot v1, https://goo.gl/fbAQLP

exports[`should render ExpenseDashboardPage correctly 1`] = `
<div>
  This is from ExpenseDashboardPage
  <[object Object] />
  <[object Object] />
</div>
`;
