// Jest Snapshot v1, https://goo.gl/fbAQLP

exports[`should render ExpenseListItem correctly 1`] = `
<div>
  <[object Object]
    to="/edit/1"
  >
    <h3>
      Gun
    </h3>
  </[object Object]>
  <p>
    548
     - 
    0
  </p>
</div>
`;
