// Jest Snapshot v1, https://goo.gl/fbAQLP

exports[`should render ExpenseList from empty expenses array 1`] = `
<div>
  <p>
    No Expenses
  </p>
</div>
`;

exports[`should render ExpenseList from expenses 1`] = `
<div>
  <ExpenseListItem
    amount={548}
    createdAt={0}
    description="Gun"
    id={1}
    key="1"
    note=""
  />
  <ExpenseListItem
    amount={7848}
    createdAt={-345600000}
    description="Rent"
    id={2}
    key="2"
    note=""
  />
  <ExpenseListItem
    amount={2448}
    createdAt={345600000}
    description="Credit Card"
    id={3}
    key="3"
    note=""
  />
</div>
`;
