// Jest Snapshot v1, https://goo.gl/fbAQLP

exports[`should render Header correctly 1`] = `
<header>
  <h1>
    Expensify
  </h1>
  <div
    className="nav-link"
  >
    <[object Object]
      activeClassName="is-active"
      exact={true}
      to="/"
    >
      Dashboard
    </[object Object]>
    <[object Object]
      activeClassName="is-active"
      to="/create"
    >
      Create Expense
    </[object Object]>
    <[object Object]
      activeClassName="is-active"
      to="/help"
    >
      Help
    </[object Object]>
  </div>
</header>
`;
